// Jest Snapshot v1, https://goo.gl/fbAQLP

exports[`Loading component layout render 1`] = `
<div
  className="list-spinner"
>
  <div
    className="ant-spin ant-spin-lg ant-spin-spinning"
  >
    <span
      className="ant-spin-dot ant-spin-dot-spin"
    >
      <i />
      <i />
      <i />
      <i />
    </span>
  </div>
</div>
`;
