// Jest Snapshot v1, https://goo.gl/fbAQLP

exports[`App render without books 1`] = `
<div>
  <div
    className="ant-layout"
  >
    <div
      className="main-header ant-layout-header"
    >
      <i
        className="anticon anticon-book"
        style={
          Object {
            "color": "white",
            "fontSize": 50,
          }
        }
      />
      <h1
        className="main-title"
      >
        My reads
      </h1>
    </div>
    <div
      className="main-content ant-layout-content"
    >
      <div
        className="list-spinner"
      >
        <div
          className="ant-spin ant-spin-lg ant-spin-spinning"
        >
          <span
            className="ant-spin-dot ant-spin-dot-spin"
          >
            <i />
            <i />
            <i />
            <i />
          </span>
        </div>
      </div>
    </div>
  </div>
</div>
`;
